2026-07-27 14:32:26,150 | INFO | Deterministic internal self-tests passed.
2026-07-27 14:32:26,151 | INFO | Loading and validating weighted ensemble artifact...
2026-07-27 14:32:26,494 | INFO | Using validated South Cotabato boundary cache: C:\Website_Projects\ORACLISv3\orcalistupi-main\orcalistupi-main\data\cache\south_cotabato_barangays_2023.geojson (199 barangays).
2026-07-27 14:32:27,123 | INFO | Boundary partition created 282 atomic faces; assigned 50.447 km2 of gaps, resolved 15.938 km2 of source overlaps; residual 2.255e-12, overlap 0.000e+00.
2026-07-27 14:32:27,550 | INFO | Matched 158/159 source barangays to boundary polygons.
2026-07-27 14:32:27,553 | INFO | Building Queen-contiguity graph for 199 barangays...
2026-07-27 14:32:27,632 | INFO | Adding nearest-neighbour fallbacks where necessary...
2026-07-27 14:32:27,757 | INFO | Spatial graph complete: 580 undirected edges (574 strict Queen-contiguity), 1 components.
2026-07-27 14:32:28,604 | INFO | Simulated 2026-01 (1/300): South Cotabato mean 239.30, alerts 17
2026-07-27 14:32:28,731 | INFO | Simulated 2026-12 (12/300): South Cotabato mean 250.10, alerts 9
2026-07-27 14:32:28,952 | INFO | Simulated 2027-12 (24/300): South Cotabato mean 251.50, alerts 15
2026-07-27 14:32:29,117 | INFO | Simulated 2028-12 (36/300): South Cotabato mean 257.54, alerts 15
2026-07-27 14:32:29,267 | INFO | Simulated 2029-12 (48/300): South Cotabato mean 259.48, alerts 6
2026-07-27 14:32:29,390 | INFO | Simulated 2030-12 (60/300): South Cotabato mean 260.54, alerts 21
2026-07-27 14:32:29,552 | INFO | Simulated 2031-12 (72/300): South Cotabato mean 266.38, alerts 22
2026-07-27 14:32:29,706 | INFO | Simulated 2032-12 (84/300): South Cotabato mean 262.67, alerts 17
2026-07-27 14:32:29,839 | INFO | Simulated 2033-12 (96/300): South Cotabato mean 265.73, alerts 21
2026-07-27 14:32:30,016 | INFO | Simulated 2034-12 (108/300): South Cotabato mean 264.25, alerts 10
2026-07-27 14:32:30,128 | INFO | Simulated 2035-12 (120/300): South Cotabato mean 264.44, alerts 15
2026-07-27 14:32:30,231 | INFO | Simulated 2036-12 (132/300): South Cotabato mean 264.46, alerts 12
2026-07-27 14:32:30,336 | INFO | Simulated 2037-12 (144/300): South Cotabato mean 265.29, alerts 7
2026-07-27 14:32:30,447 | INFO | Simulated 2038-12 (156/300): South Cotabato mean 267.25, alerts 17
2026-07-27 14:32:30,555 | INFO | Simulated 2039-12 (168/300): South Cotabato mean 261.92, alerts 19
2026-07-27 14:32:30,665 | INFO | Simulated 2040-12 (180/300): South Cotabato mean 261.66, alerts 12
2026-07-27 14:32:30,772 | INFO | Simulated 2041-12 (192/300): South Cotabato mean 259.96, alerts 20
2026-07-27 14:32:30,900 | INFO | Simulated 2042-12 (204/300): South Cotabato mean 261.60, alerts 17
2026-07-27 14:32:31,009 | INFO | Simulated 2043-12 (216/300): South Cotabato mean 259.66, alerts 20
2026-07-27 14:32:31,139 | INFO | Simulated 2044-12 (228/300): South Cotabato mean 262.25, alerts 17
2026-07-27 14:32:31,295 | INFO | Simulated 2045-12 (240/300): South Cotabato mean 261.14, alerts 5
2026-07-27 14:32:31,450 | INFO | Simulated 2046-12 (252/300): South Cotabato mean 261.04, alerts 14
2026-07-27 14:32:31,619 | INFO | Simulated 2047-12 (264/300): South Cotabato mean 257.80, alerts 6
2026-07-27 14:32:31,763 | INFO | Simulated 2048-12 (276/300): South Cotabato mean 255.24, alerts 23
2026-07-27 14:32:31,887 | INFO | Simulated 2049-12 (288/300): South Cotabato mean 256.30, alerts 14
2026-07-27 14:32:32,013 | INFO | Simulated 2050-12 (300/300): South Cotabato mean 255.46, alerts 6
2026-07-27 14:32:35,179 | INFO | Writing tables and database...
2026-07-27 14:32:59,330 | INFO | Completed successfully. Output folder: C:\Website_Projects\ORACLISv3\orcalistupi-main\orcalistupi-main\outputs\spatiotemporal_run_20260727_143226
